<?xml version="1.0"?>
<link_info>
   <banner>TI ARM Linker Unix v16.9.4.LTS</banner>
   <copyright>Copyright (c) 1996-2017 Texas Instruments Incorporated</copyright>
   <link_time>0x5a4f624d</link_time>
   <link_errors>0x0</link_errors>
   <output_file>CAN_receive.out</output_file>
   <entry_point>
      <name>_c_int00</name>
      <address>0x6094</address>
   </entry_point>
   <input_file_list>
      <input_file id="fl-2">
         <path>./source/</path>
         <kind>object</kind>
         <file>bluetooth.obj</file>
         <name>bluetooth.obj</name>
      </input_file>
      <input_file id="fl-3">
         <path>./source/</path>
         <kind>object</kind>
         <file>can.obj</file>
         <name>can.obj</name>
      </input_file>
      <input_file id="fl-4">
         <path>./source/</path>
         <kind>object</kind>
         <file>dabort.obj</file>
         <name>dabort.obj</name>
      </input_file>
      <input_file id="fl-5">
         <path>./source/</path>
         <kind>object</kind>
         <file>esm.obj</file>
         <name>esm.obj</name>
      </input_file>
      <input_file id="fl-6">
         <path>./source/</path>
         <kind>object</kind>
         <file>gio.obj</file>
         <name>gio.obj</name>
      </input_file>
      <input_file id="fl-7">
         <path>./source/</path>
         <kind>object</kind>
         <file>notification.obj</file>
         <name>notification.obj</name>
      </input_file>
      <input_file id="fl-8">
         <path>./source/</path>
         <kind>object</kind>
         <file>pinmux.obj</file>
         <name>pinmux.obj</name>
      </input_file>
      <input_file id="fl-9">
         <path>./source/</path>
         <kind>object</kind>
         <file>sci.obj</file>
         <name>sci.obj</name>
      </input_file>
      <input_file id="fl-a">
         <path>./source/</path>
         <kind>object</kind>
         <file>sys_core.obj</file>
         <name>sys_core.obj</name>
      </input_file>
      <input_file id="fl-b">
         <path>./source/</path>
         <kind>object</kind>
         <file>sys_intvecs.obj</file>
         <name>sys_intvecs.obj</name>
      </input_file>
      <input_file id="fl-c">
         <path>./source/</path>
         <kind>object</kind>
         <file>sys_main.obj</file>
         <name>sys_main.obj</name>
      </input_file>
      <input_file id="fl-d">
         <path>./source/</path>
         <kind>object</kind>
         <file>sys_mpu.obj</file>
         <name>sys_mpu.obj</name>
      </input_file>
      <input_file id="fl-e">
         <path>./source/</path>
         <kind>object</kind>
         <file>sys_pcr.obj</file>
         <name>sys_pcr.obj</name>
      </input_file>
      <input_file id="fl-f">
         <path>./source/</path>
         <kind>object</kind>
         <file>sys_phantom.obj</file>
         <name>sys_phantom.obj</name>
      </input_file>
      <input_file id="fl-10">
         <path>./source/</path>
         <kind>object</kind>
         <file>sys_pmu.obj</file>
         <name>sys_pmu.obj</name>
      </input_file>
      <input_file id="fl-11">
         <path>./source/</path>
         <kind>object</kind>
         <file>sys_selftest.obj</file>
         <name>sys_selftest.obj</name>
      </input_file>
      <input_file id="fl-12">
         <path>./source/</path>
         <kind>object</kind>
         <file>sys_startup.obj</file>
         <name>sys_startup.obj</name>
      </input_file>
      <input_file id="fl-13">
         <path>./source/</path>
         <kind>object</kind>
         <file>sys_vim.obj</file>
         <name>sys_vim.obj</name>
      </input_file>
      <input_file id="fl-14">
         <path>./source/</path>
         <kind>object</kind>
         <file>system.obj</file>
         <name>system.obj</name>
      </input_file>
      <input_file id="fl-18">
         <kind>object</kind>
         <file>&lt;internal&gt;</file>
         <name>&lt;internal&gt;</name>
      </input_file>
      <input_file id="fl-ce">
         <path>/opt/ti/ccsv7/tools/compiler/ti-cgt-arm_16.9.4.LTS/lib/</path>
         <kind>archive</kind>
         <file>rtsv7R4_A_be_eabi.lib</file>
         <name>autoinit.obj</name>
      </input_file>
      <input_file id="fl-cf">
         <path>/opt/ti/ccsv7/tools/compiler/ti-cgt-arm_16.9.4.LTS/lib/</path>
         <kind>archive</kind>
         <file>rtsv7R4_A_be_eabi.lib</file>
         <name>copy_decompress_lzss.obj</name>
      </input_file>
      <input_file id="fl-d0">
         <path>/opt/ti/ccsv7/tools/compiler/ti-cgt-arm_16.9.4.LTS/lib/</path>
         <kind>archive</kind>
         <file>rtsv7R4_A_be_eabi.lib</file>
         <name>copy_decompress_none.obj</name>
      </input_file>
      <input_file id="fl-d1">
         <path>/opt/ti/ccsv7/tools/compiler/ti-cgt-arm_16.9.4.LTS/lib/</path>
         <kind>archive</kind>
         <file>rtsv7R4_A_be_eabi.lib</file>
         <name>copy_zero_init.obj</name>
      </input_file>
      <input_file id="fl-d2">
         <path>/opt/ti/ccsv7/tools/compiler/ti-cgt-arm_16.9.4.LTS/lib/</path>
         <kind>archive</kind>
         <file>rtsv7R4_A_be_eabi.lib</file>
         <name>cpy_tbl.obj</name>
      </input_file>
      <input_file id="fl-d3">
         <path>/opt/ti/ccsv7/tools/compiler/ti-cgt-arm_16.9.4.LTS/lib/</path>
         <kind>archive</kind>
         <file>rtsv7R4_A_be_eabi.lib</file>
         <name>exit.obj</name>
      </input_file>
      <input_file id="fl-d4">
         <path>/opt/ti/ccsv7/tools/compiler/ti-cgt-arm_16.9.4.LTS/lib/</path>
         <kind>archive</kind>
         <file>rtsv7R4_A_be_eabi.lib</file>
         <name>fd_add32.obj</name>
      </input_file>
      <input_file id="fl-d5">
         <path>/opt/ti/ccsv7/tools/compiler/ti-cgt-arm_16.9.4.LTS/lib/</path>
         <kind>archive</kind>
         <file>rtsv7R4_A_be_eabi.lib</file>
         <name>fd_div32.obj</name>
      </input_file>
      <input_file id="fl-d6">
         <path>/opt/ti/ccsv7/tools/compiler/ti-cgt-arm_16.9.4.LTS/lib/</path>
         <kind>archive</kind>
         <file>rtsv7R4_A_be_eabi.lib</file>
         <name>fd_tou32.obj</name>
      </input_file>
      <input_file id="fl-d7">
         <path>/opt/ti/ccsv7/tools/compiler/ti-cgt-arm_16.9.4.LTS/lib/</path>
         <kind>archive</kind>
         <file>rtsv7R4_A_be_eabi.lib</file>
         <name>memcpy32.obj</name>
      </input_file>
      <input_file id="fl-d8">
         <path>/opt/ti/ccsv7/tools/compiler/ti-cgt-arm_16.9.4.LTS/lib/</path>
         <kind>archive</kind>
         <file>rtsv7R4_A_be_eabi.lib</file>
         <name>memset32.obj</name>
      </input_file>
      <input_file id="fl-d9">
         <path>/opt/ti/ccsv7/tools/compiler/ti-cgt-arm_16.9.4.LTS/lib/</path>
         <kind>archive</kind>
         <file>rtsv7R4_A_be_eabi.lib</file>
         <name>s_floor.obj</name>
      </input_file>
      <input_file id="fl-da">
         <path>/opt/ti/ccsv7/tools/compiler/ti-cgt-arm_16.9.4.LTS/lib/</path>
         <kind>archive</kind>
         <file>rtsv7R4_A_be_eabi.lib</file>
         <name>startup.obj</name>
      </input_file>
      <input_file id="fl-db">
         <path>/opt/ti/ccsv7/tools/compiler/ti-cgt-arm_16.9.4.LTS/lib/</path>
         <kind>archive</kind>
         <file>rtsv7R4_A_be_eabi.lib</file>
         <name>u_tofd32.obj</name>
      </input_file>
      <input_file id="fl-dc">
         <path>/opt/ti/ccsv7/tools/compiler/ti-cgt-arm_16.9.4.LTS/lib/</path>
         <kind>archive</kind>
         <file>rtsv7R4_A_be_eabi.lib</file>
         <name>_lock.obj</name>
      </input_file>
      <input_file id="fl-dd">
         <path>/opt/ti/ccsv7/tools/compiler/ti-cgt-arm_16.9.4.LTS/lib/</path>
         <kind>archive</kind>
         <file>rtsv7R4_A_be_eabi.lib</file>
         <name>fd_cmp32.obj</name>
      </input_file>
   </input_file_list>
   <object_component_list>
      <object_component id="oc-39">
         <name>.intvecs</name>
         <load_address>0x0</load_address>
         <run_address>0x0</run_address>
         <size>0x20</size>
         <input_file_ref idref="fl-b"/>
      </object_component>
      <object_component id="oc-7e">
         <name>.text</name>
         <load_address>0x20</load_address>
         <run_address>0x20</run_address>
         <size>0x24f0</size>
         <input_file_ref idref="fl-11"/>
      </object_component>
      <object_component id="oc-105">
         <name>.text</name>
         <load_address>0x2510</load_address>
         <run_address>0x2510</run_address>
         <size>0xaf0</size>
         <input_file_ref idref="fl-3"/>
      </object_component>
      <object_component id="oc-78">
         <name>.text</name>
         <load_address>0x3000</load_address>
         <run_address>0x3000</run_address>
         <size>0xa64</size>
         <input_file_ref idref="fl-14"/>
      </object_component>
      <object_component id="oc-45">
         <name>.text</name>
         <load_address>0x3a64</load_address>
         <run_address>0x3a64</run_address>
         <size>0x89c</size>
         <input_file_ref idref="fl-13"/>
      </object_component>
      <object_component id="oc-10b">
         <name>.text</name>
         <load_address>0x4300</load_address>
         <run_address>0x4300</run_address>
         <size>0x6e4</size>
         <input_file_ref idref="fl-9"/>
      </object_component>
      <object_component id="oc-84">
         <name>.text</name>
         <load_address>0x49e4</load_address>
         <run_address>0x49e4</run_address>
         <size>0x5d8</size>
         <input_file_ref idref="fl-5"/>
      </object_component>
      <object_component id="oc-33">
         <name>.text:retain</name>
         <load_address>0x4fbc</load_address>
         <run_address>0x4fbc</run_address>
         <size>0x384</size>
         <input_file_ref idref="fl-9"/>
      </object_component>
      <object_component id="oc-ff">
         <name>.text</name>
         <load_address>0x5340</load_address>
         <run_address>0x5340</run_address>
         <size>0x36c</size>
         <input_file_ref idref="fl-6"/>
      </object_component>
      <object_component id="oc-73">
         <name>.text</name>
         <load_address>0x56ac</load_address>
         <run_address>0x56ac</run_address>
         <size>0x2d0</size>
         <input_file_ref idref="fl-a"/>
      </object_component>
      <object_component id="oc-90">
         <name>.text</name>
         <load_address>0x597c</load_address>
         <run_address>0x597c</run_address>
         <size>0x29c</size>
         <input_file_ref idref="fl-c"/>
      </object_component>
      <object_component id="oc-44">
         <name>.text:retain</name>
         <load_address>0x5c18</load_address>
         <run_address>0x5c18</run_address>
         <size>0x268</size>
         <input_file_ref idref="fl-13"/>
      </object_component>
      <object_component id="oc-1c0">
         <name>.text</name>
         <load_address>0x5e80</load_address>
         <run_address>0x5e80</run_address>
         <size>0x214</size>
         <input_file_ref idref="fl-d4"/>
      </object_component>
      <object_component id="oc-1e">
         <name>.text:retain</name>
         <load_address>0x6094</load_address>
         <run_address>0x6094</run_address>
         <size>0x208</size>
         <input_file_ref idref="fl-12"/>
      </object_component>
      <object_component id="oc-1bb">
         <name>.text</name>
         <load_address>0x629c</load_address>
         <run_address>0x629c</run_address>
         <size>0x190</size>
         <input_file_ref idref="fl-d5"/>
      </object_component>
      <object_component id="oc-5b">
         <name>.text</name>
         <load_address>0x642c</load_address>
         <run_address>0x642c</run_address>
         <size>0x180</size>
         <input_file_ref idref="fl-d7"/>
      </object_component>
      <object_component id="oc-1c5">
         <name>.text</name>
         <load_address>0x65ac</load_address>
         <run_address>0x65ac</run_address>
         <size>0x158</size>
         <input_file_ref idref="fl-d9"/>
      </object_component>
      <object_component id="oc-db">
         <name>.text</name>
         <load_address>0x6704</load_address>
         <run_address>0x6704</run_address>
         <size>0x150</size>
         <input_file_ref idref="fl-8"/>
      </object_component>
      <object_component id="oc-24">
         <name>.text:retain</name>
         <load_address>0x6854</load_address>
         <run_address>0x6854</run_address>
         <size>0x14c</size>
         <input_file_ref idref="fl-3"/>
      </object_component>
      <object_component id="oc-2d">
         <name>.text:retain</name>
         <load_address>0x69a0</load_address>
         <run_address>0x69a0</run_address>
         <size>0xec</size>
         <input_file_ref idref="fl-5"/>
      </object_component>
      <object_component id="oc-b1">
         <name>.text</name>
         <load_address>0x6a8c</load_address>
         <run_address>0x6a8c</run_address>
         <size>0xe8</size>
         <input_file_ref idref="fl-4"/>
      </object_component>
      <object_component id="oc-219">
         <name>.text:__aeabi_cdrcmple</name>
         <load_address>0x6b74</load_address>
         <run_address>0x6b74</run_address>
         <size>0xe0</size>
         <input_file_ref idref="fl-dd"/>
      </object_component>
      <object_component id="oc-e3">
         <name>.text</name>
         <load_address>0x6c54</load_address>
         <run_address>0x6c54</run_address>
         <size>0xe0</size>
         <input_file_ref idref="fl-10"/>
      </object_component>
      <object_component id="oc-9d">
         <name>.text</name>
         <load_address>0x6d34</load_address>
         <run_address>0x6d34</run_address>
         <size>0xcc</size>
         <input_file_ref idref="fl-7"/>
      </object_component>
      <object_component id="oc-67">
         <name>.text</name>
         <load_address>0x6e00</load_address>
         <run_address>0x6e00</run_address>
         <size>0xb0</size>
         <input_file_ref idref="fl-d8"/>
      </object_component>
      <object_component id="oc-8a">
         <name>.text</name>
         <load_address>0x6eb0</load_address>
         <run_address>0x6eb0</run_address>
         <size>0xa8</size>
         <input_file_ref idref="fl-ce"/>
      </object_component>
      <object_component id="oc-c">
         <name>.text:decompress:lzss</name>
         <load_address>0x6f58</load_address>
         <run_address>0x6f58</run_address>
         <size>0x90</size>
         <input_file_ref idref="fl-cf"/>
      </object_component>
      <object_component id="oc-96">
         <name>.text</name>
         <load_address>0x6fe8</load_address>
         <run_address>0x6fe8</run_address>
         <size>0x90</size>
         <input_file_ref idref="fl-d3"/>
      </object_component>
      <object_component id="oc-f1">
         <name>.text</name>
         <load_address>0x7078</load_address>
         <run_address>0x7078</run_address>
         <size>0x84</size>
         <input_file_ref idref="fl-d2"/>
      </object_component>
      <object_component id="oc-1cb">
         <name>.text</name>
         <load_address>0x70fc</load_address>
         <run_address>0x70fc</run_address>
         <size>0x58</size>
         <input_file_ref idref="fl-d6"/>
      </object_component>
      <object_component id="oc-1b6">
         <name>.text</name>
         <load_address>0x7154</load_address>
         <run_address>0x7154</run_address>
         <size>0x34</size>
         <input_file_ref idref="fl-db"/>
      </object_component>
      <object_component id="oc-1da">
         <name>.text</name>
         <load_address>0x7188</load_address>
         <run_address>0x7188</run_address>
         <size>0x24</size>
         <input_file_ref idref="fl-dc"/>
      </object_component>
      <object_component id="oc-12">
         <name>.text:decompress:none</name>
         <load_address>0x71ac</load_address>
         <run_address>0x71ac</run_address>
         <size>0x14</size>
         <input_file_ref idref="fl-d0"/>
      </object_component>
      <object_component id="oc-18">
         <name>.text:decompress:ZI</name>
         <load_address>0x71c0</load_address>
         <run_address>0x71c0</run_address>
         <size>0x10</size>
         <input_file_ref idref="fl-d1"/>
      </object_component>
      <object_component id="oc-3e">
         <name>.text:retain</name>
         <load_address>0x71d0</load_address>
         <run_address>0x71d0</run_address>
         <size>0x4</size>
         <input_file_ref idref="fl-f"/>
      </object_component>
      <object_component id="oc-f7">
         <name>.text</name>
         <load_address>0x71d4</load_address>
         <run_address>0x71d4</run_address>
         <size>0x4</size>
         <input_file_ref idref="fl-da"/>
      </object_component>
      <object_component id="oc-2a">
         <name>.const:s_vim_init</name>
         <load_address>0x71d8</load_address>
         <run_address>0x71d8</run_address>
         <size>0x180</size>
         <input_file_ref idref="fl-13"/>
      </object_component>
      <object_component id="oc-1ad">
         <name>.const:s_canByteOrder</name>
         <load_address>0x7358</load_address>
         <run_address>0x7358</run_address>
         <size>0x20</size>
         <input_file_ref idref="fl-3"/>
      </object_component>
      <object_component id="oc-254">
         <name>.cinit..data.load</name>
         <load_address>0x7378</load_address>
         <run_address>0x7378</run_address>
         <size>0x10</size>
      </object_component>
      <object_component id="oc-251">
         <name>__TI_handler_table</name>
         <load_address>0x7388</load_address>
         <run_address>0x7388</run_address>
         <size>0xc</size>
      </object_component>
      <object_component id="oc-253">
         <name>.cinit..bss.load</name>
         <load_address>0x7398</load_address>
         <run_address>0x7398</run_address>
         <size>0x8</size>
      </object_component>
      <object_component id="oc-252">
         <name>__TI_cinit_table</name>
         <load_address>0x73a0</load_address>
         <run_address>0x73a0</run_address>
         <size>0x10</size>
      </object_component>
      <object_component id="oc-ad">
         <name>.bss:g_sciTransfer_t</name>
         <uninitialized>true</uninitialized>
         <run_address>0x8001524</run_address>
         <size>0x14</size>
         <input_file_ref idref="fl-9"/>
      </object_component>
      <object_component id="oc-121">
         <name>.data</name>
         <load_address>0x8001500</load_address>
         <run_address>0x8001500</run_address>
         <size>0x10</size>
         <input_file_ref idref="fl-c"/>
      </object_component>
      <object_component id="oc-118">
         <name>.data:$O1$$</name>
         <load_address>0x8001510</load_address>
         <run_address>0x8001510</run_address>
         <size>0xc</size>
         <input_file_ref idref="fl-d3"/>
      </object_component>
      <object_component id="oc-11b">
         <name>.data:$O1$$</name>
         <load_address>0x800151c</load_address>
         <run_address>0x800151c</run_address>
         <size>0x8</size>
         <input_file_ref idref="fl-dc"/>
      </object_component>
      <object_component id="oc-1ea">
         <name>.debug_info</name>
         <load_address>0x0</load_address>
         <run_address>0x0</run_address>
         <size>0x1cc</size>
         <input_file_ref idref="fl-2"/>
      </object_component>
      <object_component id="oc-a4">
         <name>.debug_info</name>
         <load_address>0x1cc</load_address>
         <run_address>0x1cc</run_address>
         <size>0x157</size>
         <input_file_ref idref="fl-2"/>
      </object_component>
      <object_component id="oc-112">
         <name>.debug_info</name>
         <load_address>0x323</load_address>
         <run_address>0x323</run_address>
         <size>0x8b</size>
         <input_file_ref idref="fl-2"/>
      </object_component>
      <object_component id="oc-126">
         <name>.debug_info</name>
         <load_address>0x3ae</load_address>
         <run_address>0x3ae</run_address>
         <size>0x18b</size>
         <input_file_ref idref="fl-2"/>
      </object_component>
      <object_component id="oc-be">
         <name>.debug_info</name>
         <load_address>0x539</load_address>
         <run_address>0x539</run_address>
         <size>0x86</size>
         <input_file_ref idref="fl-2"/>
      </object_component>
      <object_component id="oc-137">
         <name>.debug_info</name>
         <load_address>0x5bf</load_address>
         <run_address>0x5bf</run_address>
         <size>0x1f9</size>
         <input_file_ref idref="fl-2"/>
      </object_component>
      <object_component id="oc-1d3">
         <name>.debug_info</name>
         <load_address>0x7b8</load_address>
         <run_address>0x7b8</run_address>
         <size>0x243</size>
         <input_file_ref idref="fl-2"/>
      </object_component>
      <object_component id="oc-1f2">
         <name>.debug_info</name>
         <load_address>0x9fb</load_address>
         <run_address>0x9fb</run_address>
         <size>0x18e</size>
         <input_file_ref idref="fl-2"/>
      </object_component>
      <object_component id="oc-154">
         <name>.debug_info</name>
         <load_address>0xb89</load_address>
         <run_address>0xb89</run_address>
         <size>0x283</size>
         <input_file_ref idref="fl-3"/>
      </object_component>
      <object_component id="oc-1ae">
         <name>.debug_info</name>
         <load_address>0xe0c</load_address>
         <run_address>0xe0c</run_address>
         <size>0xd6</size>
         <input_file_ref idref="fl-3"/>
      </object_component>
      <object_component id="oc-106">
         <name>.debug_info</name>
         <load_address>0xee2</load_address>
         <run_address>0xee2</run_address>
         <size>0x1394</size>
         <input_file_ref idref="fl-3"/>
      </object_component>
      <object_component id="oc-25">
         <name>.debug_info</name>
         <load_address>0x2276</load_address>
         <run_address>0x2276</run_address>
         <size>0x251</size>
         <input_file_ref idref="fl-3"/>
      </object_component>
      <object_component id="oc-b9">
         <name>.debug_info</name>
         <load_address>0x24c7</load_address>
         <run_address>0x24c7</run_address>
         <size>0x18c</size>
         <input_file_ref idref="fl-3"/>
      </object_component>
      <object_component id="oc-16a">
         <name>.debug_info</name>
         <load_address>0x2653</load_address>
         <run_address>0x2653</run_address>
         <size>0x437</size>
         <input_file_ref idref="fl-3"/>
      </object_component>
      <object_component id="oc-1b1">
         <name>.debug_info</name>
         <load_address>0x2a8a</load_address>
         <run_address>0x2a8a</run_address>
         <size>0x15f</size>
         <input_file_ref idref="fl-3"/>
      </object_component>
      <object_component id="oc-146">
         <name>.debug_info</name>
         <load_address>0x2be9</load_address>
         <run_address>0x2be9</run_address>
         <size>0x2cf</size>
         <input_file_ref idref="fl-3"/>
      </object_component>
      <object_component id="oc-b2">
         <name>.debug_info</name>
         <load_address>0x2eb8</load_address>
         <run_address>0x2eb8</run_address>
         <size>0xf0</size>
         <input_file_ref idref="fl-4"/>
      </object_component>
      <object_component id="oc-f0">
         <name>.debug_info</name>
         <load_address>0x2fa8</load_address>
         <run_address>0x2fa8</run_address>
         <size>0x1c4</size>
         <input_file_ref idref="fl-5"/>
      </object_component>
      <object_component id="oc-85">
         <name>.debug_info</name>
         <load_address>0x316c</load_address>
         <run_address>0x316c</run_address>
         <size>0xb19</size>
         <input_file_ref idref="fl-5"/>
      </object_component>
      <object_component id="oc-2e">
         <name>.debug_info</name>
         <load_address>0x3c85</load_address>
         <run_address>0x3c85</run_address>
         <size>0x179</size>
         <input_file_ref idref="fl-5"/>
      </object_component>
      <object_component id="oc-12d">
         <name>.debug_info</name>
         <load_address>0x3dfe</load_address>
         <run_address>0x3dfe</run_address>
         <size>0x1de</size>
         <input_file_ref idref="fl-5"/>
      </object_component>
      <object_component id="oc-eb">
         <name>.debug_info</name>
         <load_address>0x3fdc</load_address>
         <run_address>0x3fdc</run_address>
         <size>0x129</size>
         <input_file_ref idref="fl-5"/>
      </object_component>
      <object_component id="oc-1ac">
         <name>.debug_info</name>
         <load_address>0x4105</load_address>
         <run_address>0x4105</run_address>
         <size>0x147</size>
         <input_file_ref idref="fl-6"/>
      </object_component>
      <object_component id="oc-100">
         <name>.debug_info</name>
         <load_address>0x424c</load_address>
         <run_address>0x424c</run_address>
         <size>0x6c6</size>
         <input_file_ref idref="fl-6"/>
      </object_component>
      <object_component id="oc-20f">
         <name>.debug_info</name>
         <load_address>0x4912</load_address>
         <run_address>0x4912</run_address>
         <size>0xda</size>
         <input_file_ref idref="fl-6"/>
      </object_component>
      <object_component id="oc-125">
         <name>.debug_info</name>
         <load_address>0x49ec</load_address>
         <run_address>0x49ec</run_address>
         <size>0x31d</size>
         <input_file_ref idref="fl-7"/>
      </object_component>
      <object_component id="oc-9e">
         <name>.debug_info</name>
         <load_address>0x4d09</load_address>
         <run_address>0x4d09</run_address>
         <size>0x8d2</size>
         <input_file_ref idref="fl-7"/>
      </object_component>
      <object_component id="oc-15b">
         <name>.debug_info</name>
         <load_address>0x55db</load_address>
         <run_address>0x55db</run_address>
         <size>0x791</size>
         <input_file_ref idref="fl-7"/>
      </object_component>
      <object_component id="oc-160">
         <name>.debug_info</name>
         <load_address>0x5d6c</load_address>
         <run_address>0x5d6c</run_address>
         <size>0x4de</size>
         <input_file_ref idref="fl-7"/>
      </object_component>
      <object_component id="oc-165">
         <name>.debug_info</name>
         <load_address>0x624a</load_address>
         <run_address>0x624a</run_address>
         <size>0x3ce</size>
         <input_file_ref idref="fl-7"/>
      </object_component>
      <object_component id="oc-d3">
         <name>.debug_info</name>
         <load_address>0x6618</load_address>
         <run_address>0x6618</run_address>
         <size>0x2c</size>
         <input_file_ref idref="fl-7"/>
      </object_component>
      <object_component id="oc-195">
         <name>.debug_info</name>
         <load_address>0x6644</load_address>
         <run_address>0x6644</run_address>
         <size>0x37b</size>
         <input_file_ref idref="fl-7"/>
      </object_component>
      <object_component id="oc-16f">
         <name>.debug_info</name>
         <load_address>0x69bf</load_address>
         <run_address>0x69bf</run_address>
         <size>0x1ca</size>
         <input_file_ref idref="fl-7"/>
      </object_component>
      <object_component id="oc-132">
         <name>.debug_info</name>
         <load_address>0x6b89</load_address>
         <run_address>0x6b89</run_address>
         <size>0x435</size>
         <input_file_ref idref="fl-7"/>
      </object_component>
      <object_component id="oc-188">
         <name>.debug_info</name>
         <load_address>0x6fbe</load_address>
         <run_address>0x6fbe</run_address>
         <size>0x510</size>
         <input_file_ref idref="fl-7"/>
      </object_component>
      <object_component id="oc-174">
         <name>.debug_info</name>
         <load_address>0x74ce</load_address>
         <run_address>0x74ce</run_address>
         <size>0x3d3</size>
         <input_file_ref idref="fl-7"/>
      </object_component>
      <object_component id="oc-17e">
         <name>.debug_info</name>
         <load_address>0x78a1</load_address>
         <run_address>0x78a1</run_address>
         <size>0x1de</size>
         <input_file_ref idref="fl-7"/>
      </object_component>
      <object_component id="oc-18d">
         <name>.debug_info</name>
         <load_address>0x7a7f</load_address>
         <run_address>0x7a7f</run_address>
         <size>0x17a</size>
         <input_file_ref idref="fl-7"/>
      </object_component>
      <object_component id="oc-13c">
         <name>.debug_info</name>
         <load_address>0x7bf9</load_address>
         <run_address>0x7bf9</run_address>
         <size>0x642</size>
         <input_file_ref idref="fl-7"/>
      </object_component>
      <object_component id="oc-141">
         <name>.debug_info</name>
         <load_address>0x823b</load_address>
         <run_address>0x823b</run_address>
         <size>0x13e</size>
         <input_file_ref idref="fl-7"/>
      </object_component>
      <object_component id="oc-158">
         <name>.debug_info</name>
         <load_address>0x8379</load_address>
         <run_address>0x8379</run_address>
         <size>0x12e</size>
         <input_file_ref idref="fl-8"/>
      </object_component>
      <object_component id="oc-dc">
         <name>.debug_info</name>
         <load_address>0x84a7</load_address>
         <run_address>0x84a7</run_address>
         <size>0x1d3</size>
         <input_file_ref idref="fl-8"/>
      </object_component>
      <object_component id="oc-179">
         <name>.debug_info</name>
         <load_address>0x867a</load_address>
         <run_address>0x867a</run_address>
         <size>0x1d8</size>
         <input_file_ref idref="fl-8"/>
      </object_component>
      <object_component id="oc-1fb">
         <name>.debug_info</name>
         <load_address>0x8852</load_address>
         <run_address>0x8852</run_address>
         <size>0xc6</size>
         <input_file_ref idref="fl-8"/>
      </object_component>
      <object_component id="oc-152">
         <name>.debug_info</name>
         <load_address>0x8918</load_address>
         <run_address>0x8918</run_address>
         <size>0x20a</size>
         <input_file_ref idref="fl-9"/>
      </object_component>
      <object_component id="oc-ae">
         <name>.debug_info</name>
         <load_address>0x8b22</load_address>
         <run_address>0x8b22</run_address>
         <size>0xd8</size>
         <input_file_ref idref="fl-9"/>
      </object_component>
      <object_component id="oc-10c">
         <name>.debug_info</name>
         <load_address>0x8bfa</load_address>
         <run_address>0x8bfa</run_address>
         <size>0xc2a</size>
         <input_file_ref idref="fl-9"/>
      </object_component>
      <object_component id="oc-34">
         <name>.debug_info</name>
         <load_address>0x9824</load_address>
         <run_address>0x9824</run_address>
         <size>0x34a</size>
         <input_file_ref idref="fl-9"/>
      </object_component>
      <object_component id="oc-1ed">
         <name>.debug_info</name>
         <load_address>0x9b6e</load_address>
         <run_address>0x9b6e</run_address>
         <size>0x91</size>
         <input_file_ref idref="fl-9"/>
      </object_component>
      <object_component id="oc-74">
         <name>.debug_info</name>
         <load_address>0x9bff</load_address>
         <run_address>0x9bff</run_address>
         <size>0x771</size>
         <input_file_ref idref="fl-a"/>
      </object_component>
      <object_component id="oc-3a">
         <name>.debug_info</name>
         <load_address>0xa370</load_address>
         <run_address>0xa370</run_address>
         <size>0xf8</size>
         <input_file_ref idref="fl-b"/>
      </object_component>
      <object_component id="oc-117">
         <name>.debug_info</name>
         <load_address>0xa468</load_address>
         <run_address>0xa468</run_address>
         <size>0x2e8</size>
         <input_file_ref idref="fl-c"/>
      </object_component>
      <object_component id="oc-122">
         <name>.debug_info</name>
         <load_address>0xa750</load_address>
         <run_address>0xa750</run_address>
         <size>0x11d</size>
         <input_file_ref idref="fl-c"/>
      </object_component>
      <object_component id="oc-91">
         <name>.debug_info</name>
         <load_address>0xa86d</load_address>
         <run_address>0xa86d</run_address>
         <size>0x2df</size>
         <input_file_ref idref="fl-c"/>
      </object_component>
      <object_component id="oc-200">
         <name>.debug_info</name>
         <load_address>0xab4c</load_address>
         <run_address>0xab4c</run_address>
         <size>0x14d</size>
         <input_file_ref idref="fl-e"/>
      </object_component>
      <object_component id="oc-22d">
         <name>.debug_info</name>
         <load_address>0xac99</load_address>
         <run_address>0xac99</run_address>
         <size>0x242</size>
         <input_file_ref idref="fl-e"/>
      </object_component>
      <object_component id="oc-183">
         <name>.debug_info</name>
         <load_address>0xaedb</load_address>
         <run_address>0xaedb</run_address>
         <size>0x2af</size>
         <input_file_ref idref="fl-e"/>
      </object_component>
      <object_component id="oc-3f">
         <name>.debug_info</name>
         <load_address>0xb18a</load_address>
         <run_address>0xb18a</run_address>
         <size>0x12a</size>
         <input_file_ref idref="fl-f"/>
      </object_component>
      <object_component id="oc-e4">
         <name>.debug_info</name>
         <load_address>0xb2b4</load_address>
         <run_address>0xb2b4</run_address>
         <size>0x357</size>
         <input_file_ref idref="fl-10"/>
      </object_component>
      <object_component id="oc-e9">
         <name>.debug_info</name>
         <load_address>0xb60b</load_address>
         <run_address>0xb60b</run_address>
         <size>0x50f</size>
         <input_file_ref idref="fl-11"/>
      </object_component>
      <object_component id="oc-7f">
         <name>.debug_info</name>
         <load_address>0xbb1a</load_address>
         <run_address>0xbb1a</run_address>
         <size>0x27ef</size>
         <input_file_ref idref="fl-11"/>
      </object_component>
      <object_component id="oc-1f">
         <name>.debug_info</name>
         <load_address>0xe309</load_address>
         <run_address>0xe309</run_address>
         <size>0x4db</size>
         <input_file_ref idref="fl-12"/>
      </object_component>
      <object_component id="oc-ab">
         <name>.debug_info</name>
         <load_address>0xe7e4</load_address>
         <run_address>0xe7e4</run_address>
         <size>0x3b3</size>
         <input_file_ref idref="fl-13"/>
      </object_component>
      <object_component id="oc-2b">
         <name>.debug_info</name>
         <load_address>0xeb97</load_address>
         <run_address>0xeb97</run_address>
         <size>0xd2</size>
         <input_file_ref idref="fl-13"/>
      </object_component>
      <object_component id="oc-46">
         <name>.debug_info</name>
         <load_address>0xec69</load_address>
         <run_address>0xec69</run_address>
         <size>0x464</size>
         <input_file_ref idref="fl-13"/>
      </object_component>
      <object_component id="oc-4b">
         <name>.debug_info</name>
         <load_address>0xf0cd</load_address>
         <run_address>0xf0cd</run_address>
         <size>0x1ed</size>
         <input_file_ref idref="fl-13"/>
      </object_component>
      <object_component id="oc-14b">
         <name>.debug_info</name>
         <load_address>0xf2ba</load_address>
         <run_address>0xf2ba</run_address>
         <size>0x4f</size>
         <input_file_ref idref="fl-13"/>
      </object_component>
      <object_component id="oc-e2">
         <name>.debug_info</name>
         <load_address>0xf309</load_address>
         <run_address>0xf309</run_address>
         <size>0x3bb</size>
         <input_file_ref idref="fl-14"/>
      </object_component>
      <object_component id="oc-79">
         <name>.debug_info</name>
         <load_address>0xf6c4</load_address>
         <run_address>0xf6c4</run_address>
         <size>0x723</size>
         <input_file_ref idref="fl-14"/>
      </object_component>
      <object_component id="oc-fe">
         <name>.debug_info</name>
         <load_address>0xfde7</load_address>
         <run_address>0xfde7</run_address>
         <size>0x332</size>
         <input_file_ref idref="fl-ce"/>
      </object_component>
      <object_component id="oc-8b">
         <name>.debug_info</name>
         <load_address>0x10119</load_address>
         <run_address>0x10119</run_address>
         <size>0x16d</size>
         <input_file_ref idref="fl-ce"/>
      </object_component>
      <object_component id="oc-56">
         <name>.debug_info</name>
         <load_address>0x10286</load_address>
         <run_address>0x10286</run_address>
         <size>0x84</size>
         <input_file_ref idref="fl-ce"/>
      </object_component>
      <object_component id="oc-1a1">
         <name>.debug_info</name>
         <load_address>0x1030a</load_address>
         <run_address>0x1030a</run_address>
         <size>0x39</size>
         <input_file_ref idref="fl-ce"/>
      </object_component>
      <object_component id="oc-208">
         <name>.debug_info</name>
         <load_address>0x10343</load_address>
         <run_address>0x10343</run_address>
         <size>0x39</size>
         <input_file_ref idref="fl-ce"/>
      </object_component>
      <object_component id="oc-1a6">
         <name>.debug_info</name>
         <load_address>0x1037c</load_address>
         <run_address>0x1037c</run_address>
         <size>0xcd</size>
         <input_file_ref idref="fl-ce"/>
      </object_component>
      <object_component id="oc-c9">
         <name>.debug_info</name>
         <load_address>0x10449</load_address>
         <run_address>0x10449</run_address>
         <size>0x142</size>
         <input_file_ref idref="fl-cf"/>
      </object_component>
      <object_component id="oc-d">
         <name>.debug_info</name>
         <load_address>0x1058b</load_address>
         <run_address>0x1058b</run_address>
         <size>0x222</size>
         <input_file_ref idref="fl-cf"/>
      </object_component>
      <object_component id="oc-51">
         <name>.debug_info</name>
         <load_address>0x107ad</load_address>
         <run_address>0x107ad</run_address>
         <size>0x60</size>
         <input_file_ref idref="fl-cf"/>
      </object_component>
      <object_component id="oc-c4">
         <name>.debug_info</name>
         <load_address>0x1080d</load_address>
         <run_address>0x1080d</run_address>
         <size>0x46</size>
         <input_file_ref idref="fl-cf"/>
      </object_component>
      <object_component id="oc-66">
         <name>.debug_info</name>
         <load_address>0x10853</load_address>
         <run_address>0x10853</run_address>
         <size>0x184</size>
         <input_file_ref idref="fl-d0"/>
      </object_component>
      <object_component id="oc-13">
         <name>.debug_info</name>
         <load_address>0x109d7</load_address>
         <run_address>0x109d7</run_address>
         <size>0x1a7</size>
         <input_file_ref idref="fl-d0"/>
      </object_component>
      <object_component id="oc-61">
         <name>.debug_info</name>
         <load_address>0x10b7e</load_address>
         <run_address>0x10b7e</run_address>
         <size>0x46</size>
         <input_file_ref idref="fl-d0"/>
      </object_component>
      <object_component id="oc-cb">
         <name>.debug_info</name>
         <load_address>0x10bc4</load_address>
         <run_address>0x10bc4</run_address>
         <size>0x2c</size>
         <input_file_ref idref="fl-d0"/>
      </object_component>
      <object_component id="oc-72">
         <name>.debug_info</name>
         <load_address>0x10bf0</load_address>
         <run_address>0x10bf0</run_address>
         <size>0x173</size>
         <input_file_ref idref="fl-d1"/>
      </object_component>
      <object_component id="oc-19">
         <name>.debug_info</name>
         <load_address>0x10d63</load_address>
         <run_address>0x10d63</run_address>
         <size>0x172</size>
         <input_file_ref idref="fl-d1"/>
      </object_component>
      <object_component id="oc-6d">
         <name>.debug_info</name>
         <load_address>0x10ed5</load_address>
         <run_address>0x10ed5</run_address>
         <size>0x46</size>
         <input_file_ref idref="fl-d1"/>
      </object_component>
      <object_component id="oc-19d">
         <name>.debug_info</name>
         <load_address>0x10f1b</load_address>
         <run_address>0x10f1b</run_address>
         <size>0x229</size>
         <input_file_ref idref="fl-d2"/>
      </object_component>
      <object_component id="oc-f2">
         <name>.debug_info</name>
         <load_address>0x11144</load_address>
         <run_address>0x11144</run_address>
         <size>0x160</size>
         <input_file_ref idref="fl-d2"/>
      </object_component>
      <object_component id="oc-203">
         <name>.debug_info</name>
         <load_address>0x112a4</load_address>
         <run_address>0x112a4</run_address>
         <size>0x2c</size>
         <input_file_ref idref="fl-d2"/>
      </object_component>
      <object_component id="oc-11f">
         <name>.debug_info</name>
         <load_address>0x112d0</load_address>
         <run_address>0x112d0</run_address>
         <size>0x27d</size>
         <input_file_ref idref="fl-d3"/>
      </object_component>
      <object_component id="oc-119">
         <name>.debug_info</name>
         <load_address>0x1154d</load_address>
         <run_address>0x1154d</run_address>
         <size>0x162</size>
         <input_file_ref idref="fl-d3"/>
      </object_component>
      <object_component id="oc-97">
         <name>.debug_info</name>
         <load_address>0x116af</load_address>
         <run_address>0x116af</run_address>
         <size>0x1f1</size>
         <input_file_ref idref="fl-d3"/>
      </object_component>
      <object_component id="oc-1c1">
         <name>.debug_info</name>
         <load_address>0x118a0</load_address>
         <run_address>0x118a0</run_address>
         <size>0x138</size>
         <input_file_ref idref="fl-d4"/>
      </object_component>
      <object_component id="oc-1bc">
         <name>.debug_info</name>
         <load_address>0x119d8</load_address>
         <run_address>0x119d8</run_address>
         <size>0x11d</size>
         <input_file_ref idref="fl-d5"/>
      </object_component>
      <object_component id="oc-1cc">
         <name>.debug_info</name>
         <load_address>0x11af5</load_address>
         <run_address>0x11af5</run_address>
         <size>0x116</size>
         <input_file_ref idref="fl-d6"/>
      </object_component>
      <object_component id="oc-5c">
         <name>.debug_info</name>
         <load_address>0x11c0b</load_address>
         <run_address>0x11c0b</run_address>
         <size>0x159</size>
         <input_file_ref idref="fl-d7"/>
      </object_component>
      <object_component id="oc-68">
         <name>.debug_info</name>
         <load_address>0x11d64</load_address>
         <run_address>0x11d64</run_address>
         <size>0x121</size>
         <input_file_ref idref="fl-d8"/>
      </object_component>
      <object_component id="oc-224">
         <name>.debug_info</name>
         <load_address>0x11e85</load_address>
         <run_address>0x11e85</run_address>
         <size>0x17d</size>
         <input_file_ref idref="fl-d9"/>
      </object_component>
      <object_component id="oc-1c6">
         <name>.debug_info</name>
         <load_address>0x12002</load_address>
         <run_address>0x12002</run_address>
         <size>0x1fb</size>
         <input_file_ref idref="fl-d9"/>
      </object_component>
      <object_component id="oc-21f">
         <name>.debug_info</name>
         <load_address>0x121fd</load_address>
         <run_address>0x121fd</run_address>
         <size>0x39</size>
         <input_file_ref idref="fl-d9"/>
      </object_component>
      <object_component id="oc-f8">
         <name>.debug_info</name>
         <load_address>0x12236</load_address>
         <run_address>0x12236</run_address>
         <size>0x122</size>
         <input_file_ref idref="fl-da"/>
      </object_component>
      <object_component id="oc-1b7">
         <name>.debug_info</name>
         <load_address>0x12358</load_address>
         <run_address>0x12358</run_address>
         <size>0x102</size>
         <input_file_ref idref="fl-db"/>
      </object_component>
      <object_component id="oc-1e2">
         <name>.debug_info</name>
         <load_address>0x1245a</load_address>
         <run_address>0x1245a</run_address>
         <size>0x16d</size>
         <input_file_ref idref="fl-dc"/>
      </object_component>
      <object_component id="oc-11c">
         <name>.debug_info</name>
         <load_address>0x125c7</load_address>
         <run_address>0x125c7</run_address>
         <size>0xf0</size>
         <input_file_ref idref="fl-dc"/>
      </object_component>
      <object_component id="oc-1db">
         <name>.debug_info</name>
         <load_address>0x126b7</load_address>
         <run_address>0x126b7</run_address>
         <size>0x1fc</size>
         <input_file_ref idref="fl-dc"/>
      </object_component>
      <object_component id="oc-21a">
         <name>.debug_info</name>
         <load_address>0x128b3</load_address>
         <run_address>0x128b3</run_address>
         <size>0x101</size>
         <input_file_ref idref="fl-dd"/>
      </object_component>
      <object_component id="oc-255">
         <name>.debug_info</name>
         <load_address>0x129b4</load_address>
         <run_address>0x129b4</run_address>
         <size>0x97</size>
      </object_component>
      <object_component id="oc-22a">
         <name>.debug_line</name>
         <load_address>0x0</load_address>
         <run_address>0x0</run_address>
         <size>0x52</size>
         <input_file_ref idref="fl-2"/>
      </object_component>
      <object_component id="oc-a7">
         <name>.debug_line</name>
         <load_address>0x52</load_address>
         <run_address>0x52</run_address>
         <size>0x5b</size>
         <input_file_ref idref="fl-2"/>
      </object_component>
      <object_component id="oc-115">
         <name>.debug_line</name>
         <load_address>0xad</load_address>
         <run_address>0xad</run_address>
         <size>0x20</size>
         <input_file_ref idref="fl-2"/>
      </object_component>
      <object_component id="oc-129">
         <name>.debug_line</name>
         <load_address>0xcd</load_address>
         <run_address>0xcd</run_address>
         <size>0x67</size>
         <input_file_ref idref="fl-2"/>
      </object_component>
      <object_component id="oc-c1">
         <name>.debug_line</name>
         <load_address>0x134</load_address>
         <run_address>0x134</run_address>
         <size>0x59</size>
         <input_file_ref idref="fl-2"/>
      </object_component>
      <object_component id="oc-13a">
         <name>.debug_line</name>
         <load_address>0x18d</load_address>
         <run_address>0x18d</run_address>
         <size>0x56</size>
         <input_file_ref idref="fl-2"/>
      </object_component>
      <object_component id="oc-1d6">
         <name>.debug_line</name>
         <load_address>0x1e3</load_address>
         <run_address>0x1e3</run_address>
         <size>0x56</size>
         <input_file_ref idref="fl-2"/>
      </object_component>
      <object_component id="oc-1f5">
         <name>.debug_line</name>
         <load_address>0x239</load_address>
         <run_address>0x239</run_address>
         <size>0x52</size>
         <input_file_ref idref="fl-2"/>
      </object_component>
      <object_component id="oc-1f8">
         <name>.debug_line</name>
         <load_address>0x28b</load_address>
         <run_address>0x28b</run_address>
         <size>0x52</size>
         <input_file_ref idref="fl-3"/>
      </object_component>
      <object_component id="oc-215">
         <name>.debug_line</name>
         <load_address>0x2dd</load_address>
         <run_address>0x2dd</run_address>
         <size>0x33</size>
         <input_file_ref idref="fl-3"/>
      </object_component>
      <object_component id="oc-109">
         <name>.debug_line</name>
         <load_address>0x310</load_address>
         <run_address>0x310</run_address>
         <size>0x3e1</size>
         <input_file_ref idref="fl-3"/>
      </object_component>
      <object_component id="oc-28">
         <name>.debug_line</name>
         <load_address>0x6f1</load_address>
         <run_address>0x6f1</run_address>
         <size>0x9a</size>
         <input_file_ref idref="fl-3"/>
      </object_component>
      <object_component id="oc-bc">
         <name>.debug_line</name>
         <load_address>0x78b</load_address>
         <run_address>0x78b</run_address>
         <size>0x56</size>
         <input_file_ref idref="fl-3"/>
      </object_component>
      <object_component id="oc-16d">
         <name>.debug_line</name>
         <load_address>0x7e1</load_address>
         <run_address>0x7e1</run_address>
         <size>0x56</size>
         <input_file_ref idref="fl-3"/>
      </object_component>
      <object_component id="oc-1b4">
         <name>.debug_line</name>
         <load_address>0x837</load_address>
         <run_address>0x837</run_address>
         <size>0x52</size>
         <input_file_ref idref="fl-3"/>
      </object_component>
      <object_component id="oc-149">
         <name>.debug_line</name>
         <load_address>0x889</load_address>
         <run_address>0x889</run_address>
         <size>0x56</size>
         <input_file_ref idref="fl-3"/>
      </object_component>
      <object_component id="oc-b5">
         <name>.debug_line</name>
         <load_address>0x8df</load_address>
         <run_address>0x8df</run_address>
         <size>0x78</size>
         <input_file_ref idref="fl-4"/>
      </object_component>
      <object_component id="oc-19b">
         <name>.debug_line</name>
         <load_address>0x957</load_address>
         <run_address>0x957</run_address>
         <size>0x52</size>
         <input_file_ref idref="fl-5"/>
      </object_component>
      <object_component id="oc-88">
         <name>.debug_line</name>
         <load_address>0x9a9</load_address>
         <run_address>0x9a9</run_address>
         <size>0x289</size>
         <input_file_ref idref="fl-5"/>
      </object_component>
      <object_component id="oc-31">
         <name>.debug_line</name>
         <load_address>0xc32</load_address>
         <run_address>0xc32</run_address>
         <size>0x6e</size>
         <input_file_ref idref="fl-5"/>
      </object_component>
      <object_component id="oc-130">
         <name>.debug_line</name>
         <load_address>0xca0</load_address>
         <run_address>0xca0</run_address>
         <size>0x56</size>
         <input_file_ref idref="fl-5"/>
      </object_component>
      <object_component id="oc-ee">
         <name>.debug_line</name>
         <load_address>0xcf6</load_address>
         <run_address>0xcf6</run_address>
         <size>0x52</size>
         <input_file_ref idref="fl-5"/>
      </object_component>
      <object_component id="oc-20e">
         <name>.debug_line</name>
         <load_address>0xd48</load_address>
         <run_address>0xd48</run_address>
         <size>0x20</size>
         <input_file_ref idref="fl-6"/>
      </object_component>
      <object_component id="oc-103">
         <name>.debug_line</name>
         <load_address>0xd68</load_address>
         <run_address>0xd68</run_address>
         <size>0x17f</size>
         <input_file_ref idref="fl-6"/>
      </object_component>
      <object_component id="oc-212">
         <name>.debug_line</name>
         <load_address>0xee7</load_address>
         <run_address>0xee7</run_address>
         <size>0x52</size>
         <input_file_ref idref="fl-6"/>
      </object_component>
      <object_component id="oc-1e9">
         <name>.debug_line</name>
         <load_address>0xf39</load_address>
         <run_address>0xf39</run_address>
         <size>0x3c</size>
         <input_file_ref idref="fl-7"/>
      </object_component>
      <object_component id="oc-a1">
         <name>.debug_line</name>
         <load_address>0xf75</load_address>
         <run_address>0xf75</run_address>
         <size>0x103</size>
         <input_file_ref idref="fl-7"/>
      </object_component>
      <object_component id="oc-15e">
         <name>.debug_line</name>
         <load_address>0x1078</load_address>
         <run_address>0x1078</run_address>
         <size>0x56</size>
         <input_file_ref idref="fl-7"/>
      </object_component>
      <object_component id="oc-163">
         <name>.debug_line</name>
         <load_address>0x10ce</load_address>
         <run_address>0x10ce</run_address>
         <size>0x59</size>
         <input_file_ref idref="fl-7"/>
      </object_component>
      <object_component id="oc-168">
         <name>.debug_line</name>
         <load_address>0x1127</load_address>
         <run_address>0x1127</run_address>
         <size>0x56</size>
         <input_file_ref idref="fl-7"/>
      </object_component>
      <object_component id="oc-d6">
         <name>.debug_line</name>
         <load_address>0x117d</load_address>
         <run_address>0x117d</run_address>
         <size>0x67</size>
         <input_file_ref idref="fl-7"/>
      </object_component>
      <object_component id="oc-198">
         <name>.debug_line</name>
         <load_address>0x11e4</load_address>
         <run_address>0x11e4</run_address>
         <size>0x5b</size>
         <input_file_ref idref="fl-7"/>
      </object_component>
      <object_component id="oc-172">
         <name>.debug_line</name>
         <load_address>0x123f</load_address>
         <run_address>0x123f</run_address>
         <size>0x56</size>
         <input_file_ref idref="fl-7"/>
      </object_component>
      <object_component id="oc-135">
         <name>.debug_line</name>
         <load_address>0x1295</load_address>
         <run_address>0x1295</run_address>
         <size>0x58</size>
         <input_file_ref idref="fl-7"/>
      </object_component>
      <object_component id="oc-18b">
         <name>.debug_line</name>
         <load_address>0x12ed</load_address>
         <run_address>0x12ed</run_address>
         <size>0x55</size>
         <input_file_ref idref="fl-7"/>
      </object_component>
      <object_component id="oc-177">
         <name>.debug_line</name>
         <load_address>0x1342</load_address>
         <run_address>0x1342</run_address>
         <size>0x56</size>
         <input_file_ref idref="fl-7"/>
      </object_component>
      <object_component id="oc-181">
         <name>.debug_line</name>
         <load_address>0x1398</load_address>
         <run_address>0x1398</run_address>
         <size>0x58</size>
         <input_file_ref idref="fl-7"/>
      </object_component>
      <object_component id="oc-190">
         <name>.debug_line</name>
         <load_address>0x13f0</load_address>
         <run_address>0x13f0</run_address>
         <size>0x56</size>
         <input_file_ref idref="fl-7"/>
      </object_component>
      <object_component id="oc-13f">
         <name>.debug_line</name>
         <load_address>0x1446</load_address>
         <run_address>0x1446</run_address>
         <size>0x59</size>
         <input_file_ref idref="fl-7"/>
      </object_component>
      <object_component id="oc-144">
         <name>.debug_line</name>
         <load_address>0x149f</load_address>
         <run_address>0x149f</run_address>
         <size>0x58</size>
         <input_file_ref idref="fl-7"/>
      </object_component>
      <object_component id="oc-1fa">
         <name>.debug_line</name>
         <load_address>0x14f7</load_address>
         <run_address>0x14f7</run_address>
         <size>0x20</size>
         <input_file_ref idref="fl-8"/>
      </object_component>
      <object_component id="oc-df">
         <name>.debug_line</name>
         <load_address>0x1517</load_address>
         <run_address>0x1517</run_address>
         <size>0x81</size>
         <input_file_ref idref="fl-8"/>
      </object_component>
      <object_component id="oc-17c">
         <name>.debug_line</name>
         <load_address>0x1598</load_address>
         <run_address>0x1598</run_address>
         <size>0x59</size>
         <input_file_ref idref="fl-8"/>
      </object_component>
      <object_component id="oc-1fe">
         <name>.debug_line</name>
         <load_address>0x15f1</load_address>
         <run_address>0x15f1</run_address>
         <size>0x55</size>
         <input_file_ref idref="fl-8"/>
      </object_component>
      <object_component id="oc-1ec">
         <name>.debug_line</name>
         <load_address>0x1646</load_address>
         <run_address>0x1646</run_address>
         <size>0x97</size>
         <input_file_ref idref="fl-9"/>
      </object_component>
      <object_component id="oc-151">
         <name>.debug_line</name>
         <load_address>0x16dd</load_address>
         <run_address>0x16dd</run_address>
         <size>0x33</size>
         <input_file_ref idref="fl-9"/>
      </object_component>
      <object_component id="oc-10f">
         <name>.debug_line</name>
         <load_address>0x1710</load_address>
         <run_address>0x1710</run_address>
         <size>0x2ab</size>
         <input_file_ref idref="fl-9"/>
      </object_component>
      <object_component id="oc-37">
         <name>.debug_line</name>
         <load_address>0x19bb</load_address>
         <run_address>0x19bb</run_address>
         <size>0xe0</size>
         <input_file_ref idref="fl-9"/>
      </object_component>
      <object_component id="oc-1f0">
         <name>.debug_line</name>
         <load_address>0x1a9b</load_address>
         <run_address>0x1a9b</run_address>
         <size>0x33</size>
         <input_file_ref idref="fl-9"/>
      </object_component>
      <object_component id="oc-77">
         <name>.debug_line</name>
         <load_address>0x1ace</load_address>
         <run_address>0x1ace</run_address>
         <size>0x2a5</size>
         <input_file_ref idref="fl-a"/>
      </object_component>
      <object_component id="oc-3d">
         <name>.debug_line</name>
         <load_address>0x1d73</load_address>
         <run_address>0x1d73</run_address>
         <size>0x4f</size>
         <input_file_ref idref="fl-b"/>
      </object_component>
      <object_component id="oc-1d2">
         <name>.debug_line</name>
         <load_address>0x1dc2</load_address>
         <run_address>0x1dc2</run_address>
         <size>0xec</size>
         <input_file_ref idref="fl-c"/>
      </object_component>
      <object_component id="oc-1e7">
         <name>.debug_line</name>
         <load_address>0x1eae</load_address>
         <run_address>0x1eae</run_address>
         <size>0x38</size>
         <input_file_ref idref="fl-c"/>
      </object_component>
      <object_component id="oc-94">
         <name>.debug_line</name>
         <load_address>0x1ee6</load_address>
         <run_address>0x1ee6</run_address>
         <size>0xfd</size>
         <input_file_ref idref="fl-c"/>
      </object_component>
      <object_component id="oc-22c">
         <name>.debug_line</name>
         <load_address>0x1fe3</load_address>
         <run_address>0x1fe3</run_address>
         <size>0x20</size>
         <input_file_ref idref="fl-e"/>
      </object_component>
      <object_component id="oc-230">
         <name>.debug_line</name>
         <load_address>0x2003</load_address>
         <run_address>0x2003</run_address>
         <size>0x56</size>
         <input_file_ref idref="fl-e"/>
      </object_component>
      <object_component id="oc-186">
         <name>.debug_line</name>
         <load_address>0x2059</load_address>
         <run_address>0x2059</run_address>
         <size>0x56</size>
         <input_file_ref idref="fl-e"/>
      </object_component>
      <object_component id="oc-42">
         <name>.debug_line</name>
         <load_address>0x20af</load_address>
         <run_address>0x20af</run_address>
         <size>0x4b</size>
         <input_file_ref idref="fl-f"/>
      </object_component>
      <object_component id="oc-e7">
         <name>.debug_line</name>
         <load_address>0x20fa</load_address>
         <run_address>0x20fa</run_address>
         <size>0x125</size>
         <input_file_ref idref="fl-10"/>
      </object_component>
      <object_component id="oc-194">
         <name>.debug_line</name>
         <load_address>0x221f</load_address>
         <run_address>0x221f</run_address>
         <size>0xc8</size>
         <input_file_ref idref="fl-11"/>
      </object_component>
      <object_component id="oc-82">
         <name>.debug_line</name>
         <load_address>0x22e7</load_address>
         <run_address>0x22e7</run_address>
         <size>0xed2</size>
         <input_file_ref idref="fl-11"/>
      </object_component>
      <object_component id="oc-22">
         <name>.debug_line</name>
         <load_address>0x31b9</load_address>
         <run_address>0x31b9</run_address>
         <size>0xe5</size>
         <input_file_ref idref="fl-12"/>
      </object_component>
      <object_component id="oc-12c">
         <name>.debug_line</name>
         <load_address>0x329e</load_address>
         <run_address>0x329e</run_address>
         <size>0x88</size>
         <input_file_ref idref="fl-13"/>
      </object_component>
      <object_component id="oc-aa">
         <name>.debug_line</name>
         <load_address>0x3326</load_address>
         <run_address>0x3326</run_address>
         <size>0x37</size>
         <input_file_ref idref="fl-13"/>
      </object_component>
      <object_component id="oc-49">
         <name>.debug_line</name>
         <load_address>0x335d</load_address>
         <run_address>0x335d</run_address>
         <size>0x197</size>
         <input_file_ref idref="fl-13"/>
      </object_component>
      <object_component id="oc-4e">
         <name>.debug_line</name>
         <load_address>0x34f4</load_address>
         <run_address>0x34f4</run_address>
         <size>0xa6</size>
         <input_file_ref idref="fl-13"/>
      </object_component>
      <object_component id="oc-14e">
         <name>.debug_line</name>
         <load_address>0x359a</load_address>
         <run_address>0x359a</run_address>
         <size>0x37</size>
         <input_file_ref idref="fl-13"/>
      </object_component>
      <object_component id="oc-15a">
         <name>.debug_line</name>
         <load_address>0x35d1</load_address>
         <run_address>0x35d1</run_address>
         <size>0xc7</size>
         <input_file_ref idref="fl-14"/>
      </object_component>
      <object_component id="oc-7c">
         <name>.debug_line</name>
         <load_address>0x3698</load_address>
         <run_address>0x3698</run_address>
         <size>0x229</size>
         <input_file_ref idref="fl-14"/>
      </object_component>
      <object_component id="oc-1a0">
         <name>.debug_line</name>
         <load_address>0x38c1</load_address>
         <run_address>0x38c1</run_address>
         <size>0x86</size>
         <input_file_ref idref="fl-ce"/>
      </object_component>
      <object_component id="oc-8e">
         <name>.debug_line</name>
         <load_address>0x3947</load_address>
         <run_address>0x3947</run_address>
         <size>0x95</size>
         <input_file_ref idref="fl-ce"/>
      </object_component>
      <object_component id="oc-59">
         <name>.debug_line</name>
         <load_address>0x39dc</load_address>
         <run_address>0x39dc</run_address>
         <size>0x20</size>
         <input_file_ref idref="fl-ce"/>
      </object_component>
      <object_component id="oc-1a4">
         <name>.debug_line</name>
         <load_address>0x39fc</load_address>
         <run_address>0x39fc</run_address>
         <size>0x2e</size>
         <input_file_ref idref="fl-ce"/>
      </object_component>
      <object_component id="oc-20b">
         <name>.debug_line</name>
         <load_address>0x3a2a</load_address>
         <run_address>0x3a2a</run_address>
         <size>0x67</size>
         <input_file_ref idref="fl-ce"/>
      </object_component>
      <object_component id="oc-1a9">
         <name>.debug_line</name>
         <load_address>0x3a91</load_address>
         <run_address>0x3a91</run_address>
         <size>0x68</size>
         <input_file_ref idref="fl-ce"/>
      </object_component>
      <object_component id="oc-156">
         <name>.debug_line</name>
         <load_address>0x3af9</load_address>
         <run_address>0x3af9</run_address>
         <size>0x20</size>
         <input_file_ref idref="fl-cf"/>
      </object_component>
      <object_component id="oc-10">
         <name>.debug_line</name>
         <load_address>0x3b19</load_address>
         <run_address>0x3b19</run_address>
         <size>0xb2</size>
         <input_file_ref idref="fl-cf"/>
      </object_component>
      <object_component id="oc-54">
         <name>.debug_line</name>
         <load_address>0x3bcb</load_address>
         <run_address>0x3bcb</run_address>
         <size>0x3a</size>
         <input_file_ref idref="fl-cf"/>
      </object_component>
      <object_component id="oc-c7">
         <name>.debug_line</name>
         <load_address>0x3c05</load_address>
         <run_address>0x3c05</run_address>
         <size>0x67</size>
         <input_file_ref idref="fl-cf"/>
      </object_component>
      <object_component id="oc-d1">
         <name>.debug_line</name>
         <load_address>0x3c6c</load_address>
         <run_address>0x3c6c</run_address>
         <size>0x67</size>
         <input_file_ref idref="fl-d0"/>
      </object_component>
      <object_component id="oc-16">
         <name>.debug_line</name>
         <load_address>0x3cd3</load_address>
         <run_address>0x3cd3</run_address>
         <size>0x55</size>
         <input_file_ref idref="fl-d0"/>
      </object_component>
      <object_component id="oc-64">
         <name>.debug_line</name>
         <load_address>0x3d28</load_address>
         <run_address>0x3d28</run_address>
         <size>0x3a</size>
         <input_file_ref idref="fl-d0"/>
      </object_component>
      <object_component id="oc-ce">
         <name>.debug_line</name>
         <load_address>0x3d62</load_address>
         <run_address>0x3d62</run_address>
         <size>0x67</size>
         <input_file_ref idref="fl-d0"/>
      </object_component>
      <object_component id="oc-d9">
         <name>.debug_line</name>
         <load_address>0x3dc9</load_address>
         <run_address>0x3dc9</run_address>
         <size>0x67</size>
         <input_file_ref idref="fl-d1"/>
      </object_component>
      <object_component id="oc-1c">
         <name>.debug_line</name>
         <load_address>0x3e30</load_address>
         <run_address>0x3e30</run_address>
         <size>0x4f</size>
         <input_file_ref idref="fl-d1"/>
      </object_component>
      <object_component id="oc-70">
         <name>.debug_line</name>
         <load_address>0x3e7f</load_address>
         <run_address>0x3e7f</run_address>
         <size>0x34</size>
         <input_file_ref idref="fl-d1"/>
      </object_component>
      <object_component id="oc-202">
         <name>.debug_line</name>
         <load_address>0x3eb3</load_address>
         <run_address>0x3eb3</run_address>
         <size>0x75</size>
         <input_file_ref idref="fl-d2"/>
      </object_component>
      <object_component id="oc-f5">
         <name>.debug_line</name>
         <load_address>0x3f28</load_address>
         <run_address>0x3f28</run_address>
         <size>0x78</size>
         <input_file_ref idref="fl-d2"/>
      </object_component>
      <object_component id="oc-206">
         <name>.debug_line</name>
         <load_address>0x3fa0</load_address>
         <run_address>0x3fa0</run_address>
         <size>0x2e</size>
         <input_file_ref idref="fl-d2"/>
      </object_component>
      <object_component id="oc-1e5">
         <name>.debug_line</name>
         <load_address>0x3fce</load_address>
         <run_address>0x3fce</run_address>
         <size>0xac</size>
         <input_file_ref idref="fl-d3"/>
      </object_component>
      <object_component id="oc-1d9">
         <name>.debug_line</name>
         <load_address>0x407a</load_address>
         <run_address>0x407a</run_address>
         <size>0x2a</size>
         <input_file_ref idref="fl-d3"/>
      </object_component>
      <object_component id="oc-9a">
         <name>.debug_line</name>
         <load_address>0x40a4</load_address>
         <run_address>0x40a4</run_address>
         <size>0x86</size>
         <input_file_ref idref="fl-d3"/>
      </object_component>
      <object_component id="oc-1c4">
         <name>.debug_line</name>
         <load_address>0x412a</load_address>
         <run_address>0x412a</run_address>
         <size>0xc2</size>
         <input_file_ref idref="fl-d4"/>
      </object_component>
      <object_component id="oc-1bf">
         <name>.debug_line</name>
         <load_address>0x41ec</load_address>
         <run_address>0x41ec</run_address>
         <size>0xa1</size>
         <input_file_ref idref="fl-d5"/>
      </object_component>
      <object_component id="oc-1cf">
         <name>.debug_line</name>
         <load_address>0x428d</load_address>
         <run_address>0x428d</run_address>
         <size>0x50</size>
         <input_file_ref idref="fl-d6"/>
      </object_component>
      <object_component id="oc-5f">
         <name>.debug_line</name>
         <load_address>0x42dd</load_address>
         <run_address>0x42dd</run_address>
         <size>0x9a</size>
         <input_file_ref idref="fl-d7"/>
      </object_component>
      <object_component id="oc-6b">
         <name>.debug_line</name>
         <load_address>0x4377</load_address>
         <run_address>0x4377</run_address>
         <size>0x73</size>
         <input_file_ref idref="fl-d8"/>
      </object_component>
      <object_component id="oc-234">
         <name>.debug_line</name>
         <load_address>0x43ea</load_address>
         <run_address>0x43ea</run_address>
         <size>0x20</size>
         <input_file_ref idref="fl-d9"/>
      </object_component>
      <object_component id="oc-1c9">
         <name>.debug_line</name>
         <load_address>0x440a</load_address>
         <run_address>0x440a</run_address>
         <size>0xbe</size>
         <input_file_ref idref="fl-d9"/>
      </object_component>
      <object_component id="oc-222">
         <name>.debug_line</name>
         <load_address>0x44c8</load_address>
         <run_address>0x44c8</run_address>
         <size>0x67</size>
         <input_file_ref idref="fl-d9"/>
      </object_component>
      <object_component id="oc-fb">
         <name>.debug_line</name>
         <load_address>0x452f</load_address>
         <run_address>0x452f</run_address>
         <size>0x3c</size>
         <input_file_ref idref="fl-da"/>
      </object_component>
      <object_component id="oc-1ba">
         <name>.debug_line</name>
         <load_address>0x456b</load_address>
         <run_address>0x456b</run_address>
         <size>0x47</size>
         <input_file_ref idref="fl-db"/>
      </object_component>
      <object_component id="oc-228">
         <name>.debug_line</name>
         <load_address>0x45b2</load_address>
         <run_address>0x45b2</run_address>
         <size>0x20</size>
         <input_file_ref idref="fl-dc"/>
      </object_component>
      <object_component id="oc-1e1">
         <name>.debug_line</name>
         <load_address>0x45d2</load_address>
         <run_address>0x45d2</run_address>
         <size>0x2b</size>
         <input_file_ref idref="fl-dc"/>
      </object_component>
      <object_component id="oc-1de">
         <name>.debug_line</name>
         <load_address>0x45fd</load_address>
         <run_address>0x45fd</run_address>
         <size>0x64</size>
         <input_file_ref idref="fl-dc"/>
      </object_component>
      <object_component id="oc-21d">
         <name>.debug_line</name>
         <load_address>0x4661</load_address>
         <run_address>0x4661</run_address>
         <size>0x75</size>
         <input_file_ref idref="fl-dd"/>
      </object_component>
      <object_component id="oc-229">
         <name>.debug_abbrev</name>
         <load_address>0x0</load_address>
         <run_address>0x0</run_address>
         <size>0x66</size>
         <input_file_ref idref="fl-2"/>
      </object_component>
      <object_component id="oc-a6">
         <name>.debug_abbrev</name>
         <load_address>0x66</load_address>
         <run_address>0x66</run_address>
         <size>0x5a</size>
         <input_file_ref idref="fl-2"/>
      </object_component>
      <object_component id="oc-114">
         <name>.debug_abbrev</name>
         <load_address>0xc0</load_address>
         <run_address>0xc0</run_address>
         <size>0x1f</size>
         <input_file_ref idref="fl-2"/>
      </object_component>
      <object_component id="oc-128">
         <name>.debug_abbrev</name>
         <load_address>0xdf</load_address>
         <run_address>0xdf</run_address>
         <size>0x35</size>
         <input_file_ref idref="fl-2"/>
      </object_component>
      <object_component id="oc-c0">
         <name>.debug_abbrev</name>
         <load_address>0x114</load_address>
         <run_address>0x114</run_address>
         <size>0x55</size>
         <input_file_ref idref="fl-2"/>
      </object_component>
      <object_component id="oc-139">
         <name>.debug_abbrev</name>
         <load_address>0x169</load_address>
         <run_address>0x169</run_address>
         <size>0x4b</size>
         <input_file_ref idref="fl-2"/>
      </object_component>
      <object_component id="oc-1d5">
         <name>.debug_abbrev</name>
         <load_address>0x1b4</load_address>
         <run_address>0x1b4</run_address>
         <size>0x4b</size>
         <input_file_ref idref="fl-2"/>
      </object_component>
      <object_component id="oc-1f4">
         <name>.debug_abbrev</name>
         <load_address>0x1ff</load_address>
         <run_address>0x1ff</run_address>
         <size>0x89</size>
         <input_file_ref idref="fl-2"/>
      </object_component>
      <object_component id="oc-1f7">
         <name>.debug_abbrev</name>
         <load_address>0x288</load_address>
         <run_address>0x288</run_address>
         <size>0x91</size>
         <input_file_ref idref="fl-3"/>
      </object_component>
      <object_component id="oc-214">
         <name>.debug_abbrev</name>
         <load_address>0x319</load_address>
         <run_address>0x319</run_address>
         <size>0x27</size>
         <input_file_ref idref="fl-3"/>
      </object_component>
      <object_component id="oc-1b0">
         <name>.debug_abbrev</name>
         <load_address>0x340</load_address>
         <run_address>0x340</run_address>
         <size>0xc8</size>
         <input_file_ref idref="fl-3"/>
      </object_component>
      <object_component id="oc-a3">
         <name>.debug_abbrev</name>
         <load_address>0x408</load_address>
         <run_address>0x408</run_address>
         <size>0x6f</size>
         <input_file_ref idref="fl-3"/>
      </object_component>
      <object_component id="oc-bb">
         <name>.debug_abbrev</name>
         <load_address>0x477</load_address>
         <run_address>0x477</run_address>
         <size>0x7c</size>
         <input_file_ref idref="fl-3"/>
      </object_component>
      <object_component id="oc-16c">
         <name>.debug_abbrev</name>
         <load_address>0x4f3</load_address>
         <run_address>0x4f3</run_address>
         <size>0x4b</size>
         <input_file_ref idref="fl-3"/>
      </object_component>
      <object_component id="oc-1b3">
         <name>.debug_abbrev</name>
         <load_address>0x53e</load_address>
         <run_address>0x53e</run_address>
         <size>0x7a</size>
         <input_file_ref idref="fl-3"/>
      </object_component>
      <object_component id="oc-148">
         <name>.debug_abbrev</name>
         <load_address>0x5b8</load_address>
         <run_address>0x5b8</run_address>
         <size>0x4b</size>
         <input_file_ref idref="fl-3"/>
      </object_component>
      <object_component id="oc-153">
         <name>.debug_abbrev</name>
         <load_address>0x603</load_address>
         <run_address>0x603</run_address>
         <size>0x36</size>
         <input_file_ref idref="fl-4"/>
      </object_component>
      <object_component id="oc-19a">
         <name>.debug_abbrev</name>
         <load_address>0x639</load_address>
         <run_address>0x639</run_address>
         <size>0x6f</size>
         <input_file_ref idref="fl-5"/>
      </object_component>
      <object_component id="oc-ea">
         <name>.debug_abbrev</name>
         <load_address>0x6a8</load_address>
         <run_address>0x6a8</run_address>
         <size>0xc8</size>
         <input_file_ref idref="fl-5"/>
      </object_component>
      <object_component id="oc-ac">
         <name>.debug_abbrev</name>
         <load_address>0x770</load_address>
         <run_address>0x770</run_address>
         <size>0x6f</size>
         <input_file_ref idref="fl-5"/>
      </object_component>
      <object_component id="oc-12f">
         <name>.debug_abbrev</name>
         <load_address>0x7df</load_address>
         <run_address>0x7df</run_address>
         <size>0x4b</size>
         <input_file_ref idref="fl-5"/>
      </object_component>
      <object_component id="oc-ed">
         <name>.debug_abbrev</name>
         <load_address>0x82a</load_address>
         <run_address>0x82a</run_address>
         <size>0x6b</size>
         <input_file_ref idref="fl-5"/>
      </object_component>
      <object_component id="oc-20d">
         <name>.debug_abbrev</name>
         <load_address>0x895</load_address>
         <run_address>0x895</run_address>
         <size>0x52</size>
         <input_file_ref idref="fl-6"/>
      </object_component>
      <object_component id="oc-1ab">
         <name>.debug_abbrev</name>
         <load_address>0x8e7</load_address>
         <run_address>0x8e7</run_address>
         <size>0xf7</size>
         <input_file_ref idref="fl-6"/>
      </object_component>
      <object_component id="oc-211">
         <name>.debug_abbrev</name>
         <load_address>0x9de</load_address>
         <run_address>0x9de</run_address>
         <size>0x4b</size>
         <input_file_ref idref="fl-6"/>
      </object_component>
      <object_component id="oc-1e8">
         <name>.debug_abbrev</name>
         <load_address>0xa29</load_address>
         <run_address>0xa29</run_address>
         <size>0x75</size>
         <input_file_ref idref="fl-7"/>
      </object_component>
      <object_component id="oc-124">
         <name>.debug_abbrev</name>
         <load_address>0xa9e</load_address>
         <run_address>0xa9e</run_address>
         <size>0x6c</size>
         <input_file_ref idref="fl-7"/>
      </object_component>
      <object_component id="oc-15d">
         <name>.debug_abbrev</name>
         <load_address>0xb0a</load_address>
         <run_address>0xb0a</run_address>
         <size>0x7c</size>
         <input_file_ref idref="fl-7"/>
      </object_component>
[...]
         <name>_coreEnableIrqVicOffset_</name>
         <value>0x5834</value>
         <object_component_ref idref="oc-73"/>
      </symbol>
      <symbol id="sm-2fa">
         <name>_coreGetInstructionFault_</name>
         <value>0x5858</value>
         <object_component_ref idref="oc-73"/>
      </symbol>
      <symbol id="sm-2fb">
         <name>_coreClearAuxiliaryDataFault_</name>
         <value>0x589c</value>
         <object_component_ref idref="oc-73"/>
      </symbol>
      <symbol id="sm-2fc">
         <name>_coreEnableEventBusExport_</name>
         <value>0x57d0</value>
         <object_component_ref idref="oc-73"/>
      </symbol>
      <symbol id="sm-308">
         <name>resetEntry</name>
         <value>0x0</value>
         <object_component_ref idref="oc-39"/>
      </symbol>
      <symbol id="sm-33a">
         <name>delayms</name>
         <value>0x5b24</value>
         <object_component_ref idref="oc-90"/>
      </symbol>
      <symbol id="sm-33b">
         <name>UART_RX_RDY</name>
         <value>0x8001508</value>
         <object_component_ref idref="oc-121"/>
      </symbol>
      <symbol id="sm-33c">
         <name>main</name>
         <value>0x597c</value>
         <object_component_ref idref="oc-90"/>
      </symbol>
      <symbol id="sm-33d">
         <name>data</name>
         <value>0x800150c</value>
         <object_component_ref idref="oc-121"/>
      </symbol>
      <symbol id="sm-33e">
         <name>SendATCmd</name>
         <value>0x5b6c</value>
         <object_component_ref idref="oc-90"/>
      </symbol>
      <symbol id="sm-33f">
         <name>id2</name>
         <value>0x8001504</value>
         <object_component_ref idref="oc-121"/>
      </symbol>
      <symbol id="sm-340">
         <name>id1</name>
         <value>0x8001500</value>
         <object_component_ref idref="oc-121"/>
      </symbol>
      <symbol id="sm-341">
         <name>sleep_Mode</name>
         <value>0x5a9c</value>
         <object_component_ref idref="oc-90"/>
      </symbol>
      <symbol id="sm-35a">
         <name>phantomInterrupt</name>
         <value>0x71d0</value>
         <object_component_ref idref="oc-3e"/>
      </symbol>
      <symbol id="sm-363">
         <name>_pmuResetCounters_</name>
         <value>0x6ce0</value>
         <object_component_ref idref="oc-e3"/>
      </symbol>
      <symbol id="sm-364">
         <name>_pmuGetEventCount_</name>
         <value>0x6d14</value>
         <object_component_ref idref="oc-e3"/>
      </symbol>
      <symbol id="sm-365">
         <name>_pmuResetEventCounters_</name>
         <value>0x6cd0</value>
         <object_component_ref idref="oc-e3"/>
      </symbol>
      <symbol id="sm-366">
         <name>_pmuStopCounters_</name>
         <value>0x6cf8</value>
         <object_component_ref idref="oc-e3"/>
      </symbol>
      <symbol id="sm-367">
         <name>_pmuInit_</name>
         <value>0x6c54</value>
         <object_component_ref idref="oc-e3"/>
      </symbol>
      <symbol id="sm-368">
         <name>_pmuGetOverflow_</name>
         <value>0x6d20</value>
         <object_component_ref idref="oc-e3"/>
      </symbol>
      <symbol id="sm-369">
         <name>_pmuResetCycleCounter_</name>
         <value>0x6cc0</value>
         <object_component_ref idref="oc-e3"/>
      </symbol>
      <symbol id="sm-36a">
         <name>_pmuSetCountEvent_</name>
         <value>0x6d00</value>
         <object_component_ref idref="oc-e3"/>
      </symbol>
      <symbol id="sm-36b">
         <name>_pmuGetCycleCount_</name>
         <value>0x6d0c</value>
         <object_component_ref idref="oc-e3"/>
      </symbol>
      <symbol id="sm-36c">
         <name>_pmuEnableCountersGlobal_</name>
         <value>0x6ca0</value>
         <object_component_ref idref="oc-e3"/>
      </symbol>
      <symbol id="sm-36d">
         <name>_pmuDisableCountersGlobal_</name>
         <value>0x6cb0</value>
         <object_component_ref idref="oc-e3"/>
      </symbol>
      <symbol id="sm-36e">
         <name>_pmuStartCounters_</name>
         <value>0x6cf0</value>
         <object_component_ref idref="oc-e3"/>
      </symbol>
      <symbol id="sm-4d2">
         <name>pbistSelfCheck</name>
         <value>0x2cc</value>
         <object_component_ref idref="oc-7e"/>
      </symbol>
      <symbol id="sm-4d3">
         <name>fmcBus1ParityCheck</name>
         <value>0x1c00</value>
         <object_component_ref idref="oc-7e"/>
      </symbol>
      <symbol id="sm-4d4">
         <name>can1ParityCheck</name>
         <value>0x10bc</value>
         <object_component_ref idref="oc-7e"/>
      </symbol>
      <symbol id="sm-4d5">
         <name>enableParity</name>
         <value>0x23d0</value>
         <object_component_ref idref="oc-7e"/>
      </symbol>
      <symbol id="sm-4d6">
         <name>custom_dabort</name>
         <value>0xdf4</value>
         <object_component_ref idref="oc-7e"/>
      </symbol>
      <symbol id="sm-4d7">
         <name>memoryInit</name>
         <value>0x174</value>
         <object_component_ref idref="oc-7e"/>
      </symbol>
      <symbol id="sm-4d8">
         <name>stcSelfCheck</name>
         <value>0x1b8</value>
         <object_component_ref idref="oc-7e"/>
      </symbol>
      <symbol id="sm-4d9">
         <name>efcGetConfigValue</name>
         <value>0x1f98</value>
         <object_component_ref idref="oc-7e"/>
      </symbol>
      <symbol id="sm-4da">
         <name>can2ParityCheck</name>
         <value>0x1198</value>
         <object_component_ref idref="oc-7e"/>
      </symbol>
      <symbol id="sm-4db">
         <name>het1ParityCheck</name>
         <value>0xeac</value>
         <object_component_ref idref="oc-7e"/>
      </symbol>
      <symbol id="sm-4dc">
         <name>adc1ParityCheck</name>
         <value>0x1004</value>
         <object_component_ref idref="oc-7e"/>
      </symbol>
      <symbol id="sm-4dd">
         <name>checkefcSelfTest</name>
         <value>0x7bc</value>
         <object_component_ref idref="oc-7e"/>
      </symbol>
      <symbol id="sm-4de">
         <name>checkRAMECC</name>
         <value>0x13bc</value>
         <object_component_ref idref="oc-7e"/>
      </symbol>
      <symbol id="sm-4df">
         <name>stcSelfCheckFail</name>
         <value>0xdf8</value>
         <object_component_ref idref="oc-7e"/>
      </symbol>
      <symbol id="sm-4e0">
         <name>ccmSelfCheck</name>
         <value>0x30</value>
         <object_component_ref idref="oc-7e"/>
      </symbol>
      <symbol id="sm-4e1">
         <name>efcCheck</name>
         <value>0x660</value>
         <object_component_ref idref="oc-7e"/>
      </symbol>
      <symbol id="sm-4e2">
         <name>cpuSelfTest</name>
         <value>0x234</value>
         <object_component_ref idref="oc-7e"/>
      </symbol>
      <symbol id="sm-4e3">
         <name>htu1ParityCheck</name>
         <value>0xf4c</value>
         <object_component_ref idref="oc-7e"/>
      </symbol>
      <symbol id="sm-4e4">
         <name>checkFlashECC</name>
         <value>0xd18</value>
         <object_component_ref idref="oc-7e"/>
      </symbol>
      <symbol id="sm-4e5">
         <name>cpuSelfTestFail</name>
         <value>0xdfc</value>
         <object_component_ref idref="oc-7e"/>
      </symbol>
      <symbol id="sm-4e6">
         <name>checkPLL1Slip</name>
         <value>0x1880</value>
         <object_component_ref idref="oc-7e"/>
      </symbol>
      <symbol id="sm-4e7">
         <name>mibspi1ParityCheck</name>
         <value>0x1260</value>
         <object_component_ref idref="oc-7e"/>
      </symbol>
      <symbol id="sm-4e8">
         <name>ccmr4GetConfigValue</name>
         <value>0x2034</value>
         <object_component_ref idref="oc-7e"/>
      </symbol>
      <symbol id="sm-4e9">
         <name>pbistPortTestStatus</name>
         <value>0x608</value>
         <object_component_ref idref="oc-7e"/>
      </symbol>
      <symbol id="sm-4ea">
         <name>checkFlashEEPROMECC</name>
         <value>0x16d8</value>
         <object_component_ref idref="oc-7e"/>
      </symbol>
      <symbol id="sm-4eb">
         <name>pbistGetConfigValue</name>
         <value>0x1db0</value>
         <object_component_ref idref="oc-7e"/>
      </symbol>
      <symbol id="sm-4ec">
         <name>vimParityCheck</name>
         <value>0xe00</value>
         <object_component_ref idref="oc-7e"/>
      </symbol>
      <symbol id="sm-4ed">
         <name>pbistIsTestCompleted</name>
         <value>0x5a8</value>
         <object_component_ref idref="oc-7e"/>
      </symbol>
      <symbol id="sm-4ee">
         <name>disableParity</name>
         <value>0x2424</value>
         <object_component_ref idref="oc-7e"/>
      </symbol>
      <symbol id="sm-4ef">
         <name>pbistRun</name>
         <value>0x4ac</value>
         <object_component_ref idref="oc-7e"/>
      </symbol>
      <symbol id="sm-4f0">
         <name>pbistFail</name>
         <value>0x1d2c</value>
         <object_component_ref idref="oc-7e"/>
      </symbol>
      <symbol id="sm-4f1">
         <name>selftestFailNotification</name>
         <value>0x20</value>
         <object_component_ref idref="oc-7e"/>
      </symbol>
      <symbol id="sm-4f2">
         <name>errata_PBIST_4</name>
         <value>0x20b0</value>
         <object_component_ref idref="oc-7e"/>
      </symbol>
      <symbol id="sm-4f3">
         <name>efcSelfTest</name>
         <value>0x794</value>
         <object_component_ref idref="oc-7e"/>
      </symbol>
      <symbol id="sm-4f4">
         <name>checkB1RAMECC</name>
         <value>0xb28</value>
         <object_component_ref idref="oc-7e"/>
      </symbol>
      <symbol id="sm-4f5">
         <name>pbistStop</name>
         <value>0x578</value>
         <object_component_ref idref="oc-7e"/>
      </symbol>
      <symbol id="sm-4f6">
         <name>checkRAMAddrParity</name>
         <value>0x199c</value>
         <object_component_ref idref="oc-7e"/>
      </symbol>
      <symbol id="sm-4f7">
         <name>checkB0RAMECC</name>
         <value>0x938</value>
         <object_component_ref idref="oc-7e"/>
      </symbol>
      <symbol id="sm-4f8">
         <name>stcGetConfigValue</name>
         <value>0x1ef8</value>
         <object_component_ref idref="oc-7e"/>
      </symbol>
      <symbol id="sm-4f9">
         <name>pbistIsTestPassed</name>
         <value>0x5d4</value>
         <object_component_ref idref="oc-7e"/>
      </symbol>
      <symbol id="sm-4fa">
         <name>checkClockMonitor</name>
         <value>0x1604</value>
         <object_component_ref idref="oc-7e"/>
      </symbol>
      <symbol id="sm-4fb">
         <name>fmcECCcheck</name>
         <value>0x898</value>
         <object_component_ref idref="oc-7e"/>
      </symbol>
      <symbol id="sm-4fc">
         <name>fmcBus2Check</name>
         <value>0x85c</value>
         <object_component_ref idref="oc-7e"/>
      </symbol>
      <symbol id="sm-4fd">
         <name>checkRAMUERRTest</name>
         <value>0x1aa4</value>
         <object_component_ref idref="oc-7e"/>
      </symbol>
      <symbol id="sm-4fe">
         <name>efcStuckZeroTest</name>
         <value>0x6e8</value>
         <object_component_ref idref="oc-7e"/>
      </symbol>
      <symbol id="sm-51d">
         <name>_c_int00</name>
         <value>0x6094</value>
         <object_component_ref idref="oc-1e"/>
      </symbol>
      <symbol id="sm-5b5">
         <name>vimChannelMap</name>
         <value>0x3b38</value>
         <object_component_ref idref="oc-45"/>
      </symbol>
      <symbol id="sm-5b6">
         <name>vimInit</name>
         <value>0x3a64</value>
         <object_component_ref idref="oc-45"/>
      </symbol>
      <symbol id="sm-5b7">
         <name>vimEnableInterrupt</name>
         <value>0x3bdc</value>
         <object_component_ref idref="oc-45"/>
      </symbol>
      <symbol id="sm-5b8">
         <name>vimDisableInterrupt</name>
         <value>0x3d34</value>
         <object_component_ref idref="oc-45"/>
      </symbol>
      <symbol id="sm-5b9">
         <name>vimGetConfigValue</name>
         <value>0x3db8</value>
         <object_component_ref idref="oc-45"/>
      </symbol>
      <symbol id="sm-5ba">
         <name>vimParityErrorHandler</name>
         <value>0x5c18</value>
         <object_component_ref idref="oc-44"/>
      </symbol>
      <symbol id="sm-60d">
         <name>systemGetConfigValue</name>
         <value>0x330c</value>
         <object_component_ref idref="oc-78"/>
      </symbol>
      <symbol id="sm-60e">
         <name>trimLPO</name>
         <value>0x3050</value>
         <object_component_ref idref="oc-78"/>
      </symbol>
      <symbol id="sm-60f">
         <name>systemInit</name>
         <value>0x3210</value>
         <object_component_ref idref="oc-78"/>
      </symbol>
      <symbol id="sm-610">
         <name>tcmflashGetConfigValue</name>
         <value>0x36cc</value>
         <object_component_ref idref="oc-78"/>
      </symbol>
      <symbol id="sm-611">
         <name>sramGetConfigValue</name>
         <value>0x3878</value>
         <object_component_ref idref="oc-78"/>
      </symbol>
      <symbol id="sm-612">
         <name>periphInit</name>
         <value>0x30d8</value>
         <object_component_ref idref="oc-78"/>
      </symbol>
      <symbol id="sm-613">
         <name>setupFlash</name>
         <value>0x3098</value>
         <object_component_ref idref="oc-78"/>
      </symbol>
      <symbol id="sm-614">
         <name>setupPLL</name>
         <value>0x3000</value>
         <object_component_ref idref="oc-78"/>
      </symbol>
      <symbol id="sm-615">
         <name>mapClocks</name>
         <value>0x312c</value>
         <object_component_ref idref="oc-78"/>
      </symbol>
      <symbol id="sm-616">
         <name>systemPowerDown</name>
         <value>0x32dc</value>
         <object_component_ref idref="oc-78"/>
      </symbol>
      <symbol id="sm-644">
         <name>__TI_auto_init</name>
         <value>0x6eb0</value>
         <object_component_ref idref="oc-8a"/>
      </symbol>
      <symbol id="sm-662">
         <name>__TI_decompress_lzss</name>
         <value>0x6f58</value>
         <object_component_ref idref="oc-c"/>
      </symbol>
      <symbol id="sm-679">
         <name>__TI_decompress_none</name>
         <value>0x71ac</value>
         <object_component_ref idref="oc-12"/>
      </symbol>
      <symbol id="sm-68b">
         <name>__TI_zero_init</name>
         <value>0x71c0</value>
         <object_component_ref idref="oc-18"/>
      </symbol>
      <symbol id="sm-6a5">
         <name>copy_in</name>
         <value>0x7078</value>
         <object_component_ref idref="oc-f1"/>
      </symbol>
      <symbol id="sm-6c6">
         <name>C$$EXIT</name>
         <value>0x6fe8</value>
         <object_component_ref idref="oc-96"/>
      </symbol>
      <symbol id="sm-6c7">
         <name>abort</name>
         <value>0x6ff0</value>
         <object_component_ref idref="oc-96"/>
      </symbol>
      <symbol id="sm-6c8">
         <name>exit</name>
         <value>0x6ffc</value>
         <object_component_ref idref="oc-96"/>
      </symbol>
      <symbol id="sm-6c9">
         <name>__TI_dtors_ptr</name>
         <value>0x8001514</value>
         <object_component_ref idref="oc-118"/>
      </symbol>
      <symbol id="sm-6ca">
         <name>__TI_cleanup_ptr</name>
         <value>0x8001510</value>
         <object_component_ref idref="oc-118"/>
      </symbol>
      <symbol id="sm-6cb">
         <name>__TI_enable_exit_profile_output</name>
         <value>0x8001518</value>
         <object_component_ref idref="oc-118"/>
      </symbol>
      <symbol id="sm-6e2">
         <name>__aeabi_dsub</name>
         <value>0x5e80</value>
         <object_component_ref idref="oc-1c0"/>
      </symbol>
      <symbol id="sm-6e3">
         <name>__aeabi_dadd</name>
         <value>0x5e8c</value>
         <object_component_ref idref="oc-1c0"/>
      </symbol>
      <symbol id="sm-6f7">
         <name>__aeabi_ddiv</name>
         <value>0x629c</value>
         <object_component_ref idref="oc-1bb"/>
      </symbol>
      <symbol id="sm-701">
         <name>__aeabi_d2uiz</name>
         <value>0x70fc</value>
         <object_component_ref idref="oc-1cb"/>
      </symbol>
      <symbol id="sm-71a">
         <name>memcpy</name>
         <value>0x642c</value>
         <object_component_ref idref="oc-5b"/>
      </symbol>
      <symbol id="sm-71b">
         <name>__aeabi_memcpy</name>
         <value>0x642c</value>
         <object_component_ref idref="oc-5b"/>
      </symbol>
      <symbol id="sm-71c">
         <name>__aeabi_memcpy8</name>
         <value>0x642c</value>
         <object_component_ref idref="oc-5b"/>
      </symbol>
      <symbol id="sm-71d">
         <name>__aeabi_memcpy4</name>
         <value>0x642c</value>
         <object_component_ref idref="oc-5b"/>
      </symbol>
      <symbol id="sm-72c">
         <name>__aeabi_memset</name>
         <value>0x6e04</value>
         <object_component_ref idref="oc-67"/>
      </symbol>
      <symbol id="sm-72d">
         <name>memset</name>
         <value>0x6e10</value>
         <object_component_ref idref="oc-67"/>
      </symbol>
      <symbol id="sm-72e">
         <name>__aeabi_memset8</name>
         <value>0x6e04</value>
         <object_component_ref idref="oc-67"/>
      </symbol>
      <symbol id="sm-72f">
         <name>__aeabi_memset4</name>
         <value>0x6e04</value>
         <object_component_ref idref="oc-67"/>
      </symbol>
      <symbol id="sm-730">
         <name>__aeabi_memclr8</name>
         <value>0x6e00</value>
         <object_component_ref idref="oc-67"/>
      </symbol>
      <symbol id="sm-731">
         <name>__aeabi_memclr4</name>
         <value>0x6e00</value>
         <object_component_ref idref="oc-67"/>
      </symbol>
      <symbol id="sm-732">
         <name>__aeabi_memclr</name>
         <value>0x6e00</value>
         <object_component_ref idref="oc-67"/>
      </symbol>
      <symbol id="sm-752">
         <name>floorl</name>
         <value>0x65ac</value>
         <object_component_ref idref="oc-1c5"/>
      </symbol>
      <symbol id="sm-753">
         <name>floor</name>
         <value>0x65ac</value>
         <object_component_ref idref="oc-1c5"/>
      </symbol>
      <symbol id="sm-75d">
         <name>_system_post_cinit</name>
         <value>0x71d4</value>
         <object_component_ref idref="oc-f7"/>
      </symbol>
      <symbol id="sm-767">
         <name>__aeabi_ui2d</name>
         <value>0x7154</value>
         <object_component_ref idref="oc-1b6"/>
      </symbol>
      <symbol id="sm-781">
         <name>_nop</name>
         <value>0x71a0</value>
         <object_component_ref idref="oc-1da"/>
      </symbol>
      <symbol id="sm-782">
         <name>_lock</name>
         <value>0x800151c</value>
         <object_component_ref idref="oc-11b"/>
      </symbol>
      <symbol id="sm-783">
         <name>_unlock</name>
         <value>0x8001520</value>
         <object_component_ref idref="oc-11b"/>
      </symbol>
      <symbol id="sm-784">
         <name>_register_lock</name>
         <value>0x7194</value>
         <object_component_ref idref="oc-1da"/>
      </symbol>
      <symbol id="sm-785">
         <name>_register_unlock</name>
         <value>0x7188</value>
         <object_component_ref idref="oc-1da"/>
      </symbol>
      <symbol id="sm-797">
         <name>__aeabi_cdrcmple</name>
         <value>0x6b74</value>
         <object_component_ref idref="oc-219"/>
      </symbol>
      <symbol id="sm-798">
         <name>__TI_static_base__</name>
         <value>0x0</value>
      </symbol>
      <symbol id="sm-79b">
         <name>SHT$$INIT_ARRAY$$Base</name>
         <value>0x0</value>
      </symbol>
      <symbol id="sm-79c">
         <name>SHT$$INIT_ARRAY$$Limit</name>
         <value>0x0</value>
      </symbol>
   </symbol_table>
   <title>Link successful</title>
</link_info>
